Standard Commons Logging discovery in action with spring-jcl: please remove commons-logging.jar from classpath in order to avoid potential conflicts

  .   ____          _            __ _ _
 /\\ / ___'_ __ _ _(_)_ __  __ _ \ \ \ \
( ( )\___ | '_ | '_| | '_ \/ _` | \ \ \ \
 \\/  ___)| |_)| | | | | || (_| |  ) ) ) )
  '  |____| .__|_| |_|_| |_\__, | / / / /
 =========|_|==============|___/=/_/_/_/
 :: Spring Boot ::                (v3.2.5)

2026-03-26T01:13:42.185+05:30  INFO 3952 --- [agrolink-backend] [           main] c.a.backend.AgrolinkBackendApplication   : Starting AgrolinkBackendApplication v0.0.1-SNAPSHOT using Java 17.0.16 with PID 3952 (C:\Users\sw\Downloads\agrolink-backend\agrolink-backend\target\agrolink-backend-0.0.1-SNAPSHOT.jar started by sw in C:\Users\sw\Downloads\agrolink-backend\agrolink-backend)
2026-03-26T01:13:42.206+05:30  INFO 3952 --- [agrolink-backend] [           main] c.a.backend.AgrolinkBackendApplication   : No active profile set, falling back to 1 default profile: "default"
2026-03-26T01:13:49.876+05:30  INFO 3952 --- [agrolink-backend] [           main] .s.d.r.c.RepositoryConfigurationDelegate : Bootstrapping Spring Data JPA repositories in DEFAULT mode.
2026-03-26T01:13:50.860+05:30  INFO 3952 --- [agrolink-backend] [           main] .s.d.r.c.RepositoryConfigurationDelegate : Finished Spring Data repository scanning in 932 ms. Found 5 JPA repository interfaces.
2026-03-26T01:13:56.534+05:30  INFO 3952 --- [agrolink-backend] [           main] o.s.b.w.embedded.tomcat.TomcatWebServer  : Tomcat initialized with port 8080 (http)
2026-03-26T01:13:56.592+05:30  INFO 3952 --- [agrolink-backend] [           main] o.apache.catalina.core.StandardService   : Starting service [Tomcat]
2026-03-26T01:13:56.593+05:30  INFO 3952 --- [agrolink-backend] [           main] o.apache.catalina.core.StandardEngine    : Starting Servlet engine: [Apache Tomcat/10.1.20]
2026-03-26T01:13:56.957+05:30  INFO 3952 --- [agrolink-backend] [           main] o.a.c.c.C.[Tomcat].[localhost].[/]       : Initializing Spring embedded WebApplicationContext
2026-03-26T01:13:56.961+05:30  INFO 3952 --- [agrolink-backend] [           main] w.s.c.ServletWebServerApplicationContext : Root WebApplicationContext: initialization completed in 13799 ms
Standard Commons Logging discovery in action with spring-jcl: please remove commons-logging.jar from classpath in order to avoid potential conflicts
2026-03-26T01:14:00.112+05:30  INFO 3952 --- [agrolink-backend] [           main] o.hibernate.jpa.internal.util.LogHelper  : HHH000204: Processing PersistenceUnitInfo [name: default]
2026-03-26T01:14:00.458+05:30  INFO 3952 --- [agrolink-backend] [           main] org.hibernate.Version                    : HHH000412: Hibernate ORM core version 6.4.4.Final
2026-03-26T01:14:00.686+05:30  INFO 3952 --- [agrolink-backend] [           main] o.h.c.internal.RegionFactoryInitiator    : HHH000026: Second-level cache disabled
2026-03-26T01:14:02.222+05:30  INFO 3952 --- [agrolink-backend] [           main] o.s.o.j.p.SpringPersistenceUnitInfo      : No LoadTimeWeaver setup: ignoring JPA class transformer
2026-03-26T01:14:02.346+05:30  INFO 3952 --- [agrolink-backend] [           main] com.zaxxer.hikari.HikariDataSource       : HikariPool-1 - Starting...
2026-03-26T01:14:04.249+05:30  INFO 3952 --- [agrolink-backend] [           main] com.zaxxer.hikari.pool.HikariPool        : HikariPool-1 - Added connection com.mysql.cj.jdbc.ConnectionImpl@3b362f1
2026-03-26T01:14:04.256+05:30  INFO 3952 --- [agrolink-backend] [           main] com.zaxxer.hikari.HikariDataSource       : HikariPool-1 - Start completed.
2026-03-26T01:14:23.622+05:30  INFO 3952 --- [agrolink-backend] [           main] o.h.e.t.j.p.i.JtaPlatformInitiator       : HHH000489: No JTA platform available (set 'hibernate.transaction.jta.platform' to enable JTA platform integration)
2026-03-26T01:14:24.514+05:30  INFO 3952 --- [agrolink-backend] [           main] j.LocalContainerEntityManagerFactoryBean : Initialized JPA EntityManagerFactory for persistence unit 'default'
2026-03-26T01:14:36.064+05:30  WARN 3952 --- [agrolink-backend] [           main] .s.s.UserDetailsServiceAutoConfiguration : 

Using generated security password: c7e73840-ee39-4e96-875f-7546b92e8cb0

This generated password is for development use only. Your security configuration must be updated before running your application in production.

2026-03-26T01:14:39.990+05:30  INFO 3952 --- [agrolink-backend] [           main] o.s.s.web.DefaultSecurityFilterChain     : Will secure any request with [org.springframework.security.web.session.DisableEncodeUrlFilter@54fbaa65, org.springframework.security.web.context.request.async.WebAsyncManagerIntegrationFilter@48e3017a, org.springframework.security.web.context.SecurityContextHolderFilter@2af1bf5a, org.springframework.security.web.header.HeaderWriterFilter@39a1c200, org.springframework.web.filter.CorsFilter@4a937d43, org.springframework.security.web.authentication.logout.LogoutFilter@6e161cea, org.springframework.security.web.savedrequest.RequestCacheAwareFilter@2c5b4b91, org.springframework.security.web.servletapi.SecurityContextHolderAwareRequestFilter@51eeae0a, org.springframework.security.web.authentication.AnonymousAuthenticationFilter@10264cb0, org.springframework.security.web.access.ExceptionTranslationFilter@88fc9cb, org.springframework.security.web.access.intercept.AuthorizationFilter@74ed1d35]
2026-03-26T01:14:45.128+05:30  INFO 3952 --- [agrolink-backend] [           main] o.s.b.w.embedded.tomcat.TomcatWebServer  : Tomcat started on port 8080 (http) with context path ''
2026-03-26T01:14:45.493+05:30  INFO 3952 --- [agrolink-backend] [           main] c.a.backend.AgrolinkBackendApplication   : Started AgrolinkBackendApplication in 67.123 seconds (process running for 71.683)
2026-03-26T01:15:07.978+05:30  INFO 3952 --- [agrolink-backend] [nio-8080-exec-1] o.a.c.c.C.[Tomcat].[localhost].[/]       : Initializing Spring DispatcherServlet 'dispatcherServlet'
2026-03-26T01:15:07.978+05:30  INFO 3952 --- [agrolink-backend] [nio-8080-exec-1] o.s.web.servlet.DispatcherServlet        : Initializing Servlet 'dispatcherServlet'
2026-03-26T01:15:07.978+05:30  INFO 3952 --- [agrolink-backend] [nio-8080-exec-1] o.s.web.servlet.DispatcherServlet        : Completed initialization in 0 ms
2026-03-26T01:15:08.542+05:30  WARN 3952 --- [agrolink-backend] [nio-8080-exec-1] o.a.c.util.SessionIdGeneratorBase        : Creation of SecureRandom instance for session ID generation using [SHA1PRNG] took [337] milliseconds.
