[INFO] Scanning for projects...
[INFO] 
[INFO] -------------------< com.agrolink:agrolink-backend >--------------------
[INFO] Building agrolink-backend 0.0.1-SNAPSHOT
[INFO]   from pom.xml
[INFO] --------------------------------[ jar ]---------------------------------
[INFO] 
[INFO] >>> spring-boot:4.0.3:run (default-cli) > test-compile @ agrolink-backend >>>
[INFO] 
[INFO] --- resources:3.3.1:resources (default-resources) @ agrolink-backend ---
[INFO] Copying 1 resource from src\main\resources to target\classes
[INFO] Copying 0 resource from src\main\resources to target\classes
[INFO] 
[INFO] --- compiler:3.14.1:compile (default-compile) @ agrolink-backend ---
[INFO] Nothing to compile - all classes are up to date.
[INFO] 
[INFO] --- resources:3.3.1:testResources (default-testResources) @ agrolink-backend ---
[INFO] skip non existing resourceDirectory C:\Users\sw\Downloads\agrolink-backend\agrolink-backend\src\test\resources
[INFO] 
[INFO] --- compiler:3.14.1:testCompile (default-testCompile) @ agrolink-backend ---
[INFO] Nothing to compile - all classes are up to date.
[INFO] 
[INFO] <<< spring-boot:4.0.3:run (default-cli) < test-compile @ agrolink-backend <<<
[INFO] 
[INFO] 
[INFO] --- spring-boot:4.0.3:run (default-cli) @ agrolink-backend ---
[INFO] Attaching agents: []

  .   ____          _            __ _ _
 /\\ / ___'_ __ _ _(_)_ __  __ _ \ \ \ \
( ( )\___ | '_ | '_| | '_ \/ _` | \ \ \ \
 \\/  ___)| |_)| | | | | || (_| |  ) ) ) )
  '  |____| .__|_| |_|_| |_\__, | / / / /
 =========|_|==============|___/=/_/_/_/

 :: Spring Boot ::                (v4.0.3)

2026-03-25T10:24:53.385+05:30  INFO 3828 --- [agrolink-backend] [           main] c.a.backend.AgrolinkBackendApplication   : Starting AgrolinkBackendApplication using Java 17.0.16 with PID 3828 (C:\Users\sw\Downloads\agrolink-backend\agrolink-backend\target\classes started by sw in C:\Users\sw\Downloads\agrolink-backend\agrolink-backend)
2026-03-25T10:24:53.417+05:30  INFO 3828 --- [agrolink-backend] [           main] c.a.backend.AgrolinkBackendApplication   : No active profile set, falling back to 1 default profile: "default"
2026-03-25T10:24:56.716+05:30  INFO 3828 --- [agrolink-backend] [           main] .s.d.r.c.RepositoryConfigurationDelegate : Bootstrapping Spring Data JPA repositories in DEFAULT mode.
2026-03-25T10:24:56.985+05:30  INFO 3828 --- [agrolink-backend] [           main] .s.d.r.c.RepositoryConfigurationDelegate : Finished Spring Data repository scanning in 226 ms. Found 5 JPA repository interfaces.
2026-03-25T10:24:58.894+05:30  INFO 3828 --- [agrolink-backend] [           main] o.s.boot.tomcat.TomcatWebServer          : Tomcat initialized with port 8080 (http)
2026-03-25T10:24:58.950+05:30  INFO 3828 --- [agrolink-backend] [           main] o.apache.catalina.core.StandardService   : Starting service [Tomcat]
2026-03-25T10:24:58.950+05:30  INFO 3828 --- [agrolink-backend] [           main] o.apache.catalina.core.StandardEngine    : Starting Servlet engine: [Apache Tomcat/11.0.18]
2026-03-25T10:24:59.286+05:30  INFO 3828 --- [agrolink-backend] [           main] b.w.c.s.WebApplicationContextInitializer : Root WebApplicationContext: initialization completed in 5571 ms
2026-03-25T10:24:59.938+05:30  INFO 3828 --- [agrolink-backend] [           main] org.hibernate.orm.jpa                    : HHH008540: Processing PersistenceUnitInfo [name: default]
2026-03-25T10:25:00.235+05:30  INFO 3828 --- [agrolink-backend] [           main] org.hibernate.orm.core                   : HHH000001: Hibernate ORM core version 7.2.4.Final
2026-03-25T10:25:02.294+05:30  INFO 3828 --- [agrolink-backend] [           main] o.s.o.j.p.SpringPersistenceUnitInfo      : No LoadTimeWeaver setup: ignoring JPA class transformer
2026-03-25T10:25:02.459+05:30  INFO 3828 --- [agrolink-backend] [           main] com.zaxxer.hikari.HikariDataSource       : HikariPool-1 - Starting...
2026-03-25T10:25:03.702+05:30  INFO 3828 --- [agrolink-backend] [           main] com.zaxxer.hikari.pool.HikariPool        : HikariPool-1 - Added connection com.mysql.cj.jdbc.ConnectionImpl@4cc89246
2026-03-25T10:25:03.717+05:30  INFO 3828 --- [agrolink-backend] [           main] com.zaxxer.hikari.HikariDataSource       : HikariPool-1 - Start completed.
2026-03-25T10:25:04.104+05:30  INFO 3828 --- [agrolink-backend] [           main] org.hibernate.orm.connections.pooling    : HHH10001005: Database info:
	Database JDBC URL [jdbc:mysql://localhost:3306/agrolink_db]
	Database driver: MySQL Connector/J
	Database dialect: MySQLDialect
	Database version: 8.0.40
	Default catalog/schema: agrolink_db/undefined
	Autocommit mode: undefined/unknown
	Isolation level: REPEATABLE_READ [default REPEATABLE_READ]
	JDBC fetch size: none
	Pool: DataSourceConnectionProvider
	Minimum pool size: undefined/unknown
	Maximum pool size: undefined/unknown
2026-03-25T10:25:10.500+05:30  INFO 3828 --- [agrolink-backend] [           main] org.hibernate.orm.core                   : HHH000489: No JTA platform available (set 'hibernate.transaction.jta.platform' to enable JTA platform integration)
2026-03-25T10:25:11.048+05:30  INFO 3828 --- [agrolink-backend] [           main] j.LocalContainerEntityManagerFactoryBean : Initialized JPA EntityManagerFactory for persistence unit 'default'
2026-03-25T10:25:11.626+05:30  INFO 3828 --- [agrolink-backend] [           main] o.s.d.j.r.query.QueryEnhancerFactories   : Hibernate is in classpath; If applicable, HQL parser will be used.
2026-03-25T10:25:14.261+05:30  INFO 3828 --- [agrolink-backend] [           main] o.s.boot.tomcat.TomcatWebServer          : Tomcat started on port 8080 (http) with context path '/'
2026-03-25T10:25:14.292+05:30  INFO 3828 --- [agrolink-backend] [           main] c.a.backend.AgrolinkBackendApplication   : Started AgrolinkBackendApplication in 24.034 seconds (process running for 28.567)
2026-03-25T10:25:22.957+05:30  INFO 3828 --- [agrolink-backend] [nio-8080-exec-1] o.a.c.c.C.[Tomcat].[localhost].[/]       : Initializing Spring DispatcherServlet 'dispatcherServlet'
2026-03-25T10:25:22.959+05:30  INFO 3828 --- [agrolink-backend] [nio-8080-exec-1] o.s.web.servlet.DispatcherServlet        : Initializing Servlet 'dispatcherServlet'
2026-03-25T10:25:22.959+05:30  INFO 3828 --- [agrolink-backend] [nio-8080-exec-1] o.s.web.servlet.DispatcherServlet        : Completed initialization in 0 ms
Hibernate: select p1_0.product_id,p1_0.category_id,p1_0.description,p1_0.image_url,p1_0.product_name,p1_0.price,p1_0.stock from products p1_0
Hibernate: select c1_0.category_id,c1_0.category_name from categories c1_0 where c1_0.category_id=?
Hibernate: select p1_0.product_id,p1_0.category_id,p1_0.description,p1_0.image_url,p1_0.product_name,p1_0.price,p1_0.stock from products p1_0
Hibernate: select c1_0.category_id,c1_0.category_name from categories c1_0 where c1_0.category_id=?
Hibernate: insert into users (address,email,name,password,phone,role) values (?,?,?,?,?,?)
Hibernate: select u1_0.user_id,u1_0.address,u1_0.email,u1_0.name,u1_0.password,u1_0.phone,u1_0.role from users u1_0
Hibernate: select u1_0.user_id,u1_0.address,u1_0.email,u1_0.name,u1_0.password,u1_0.phone,u1_0.role from users u1_0
Hibernate: select u1_0.user_id,u1_0.address,u1_0.email,u1_0.name,u1_0.password,u1_0.phone,u1_0.role from users u1_0
2026-03-25T12:17:01.758+05:30  WARN 3828 --- [agrolink-backend] [nio-8080-exec-9] .w.s.m.s.DefaultHandlerExceptionResolver : Resolved [org.springframework.web.HttpRequestMethodNotSupportedException: Request method 'GET' is not supported]
Hibernate: select u1_0.user_id,u1_0.address,u1_0.email,u1_0.name,u1_0.password,u1_0.phone,u1_0.role from users u1_0
Hibernate: select u1_0.user_id,u1_0.address,u1_0.email,u1_0.name,u1_0.password,u1_0.phone,u1_0.role from users u1_0
