Standard Commons Logging discovery in action with spring-jcl: please remove commons-logging.jar from classpath in order to avoid potential conflicts

  .   ____          _            __ _ _
 /\\ / ___'_ __ _ _(_)_ __  __ _ \ \ \ \
( ( )\___ | '_ | '_| | '_ \/ _` | \ \ \ \
 \\/  ___)| |_)| | | | | || (_| |  ) ) ) )
  '  |____| .__|_| |_|_| |_\__, | / / / /
 =========|_|==============|___/=/_/_/_/
 :: Spring Boot ::                (v3.2.5)

2026-03-28T11:55:56.011+05:30  INFO 9008 --- [agrolink-backend] [           main] c.a.backend.AgrolinkBackendApplication   : Starting AgrolinkBackendApplication v0.0.1-SNAPSHOT using Java 17.0.16 with PID 9008 (C:\Users\sw\Downloads\agrolink-backend\agrolink-backend\target\agrolink-backend-0.0.1-SNAPSHOT.jar started by sw in C:\Users\sw\Downloads\agrolink-backend\agrolink-backend)
2026-03-28T11:55:56.029+05:30  INFO 9008 --- [agrolink-backend] [           main] c.a.backend.AgrolinkBackendApplication   : No active profile set, falling back to 1 default profile: "default"
2026-03-28T11:56:08.664+05:30  INFO 9008 --- [agrolink-backend] [           main] .s.d.r.c.RepositoryConfigurationDelegate : Bootstrapping Spring Data JPA repositories in DEFAULT mode.
2026-03-28T11:56:08.986+05:30  INFO 9008 --- [agrolink-backend] [           main] .s.d.r.c.RepositoryConfigurationDelegate : Finished Spring Data repository scanning in 258 ms. Found 5 JPA repository interfaces.
2026-03-28T11:56:17.376+05:30  INFO 9008 --- [agrolink-backend] [           main] o.s.b.w.embedded.tomcat.TomcatWebServer  : Tomcat initialized with port 8081 (http)
2026-03-28T11:56:17.485+05:30  INFO 9008 --- [agrolink-backend] [           main] o.apache.catalina.core.StandardService   : Starting service [Tomcat]
2026-03-28T11:56:17.486+05:30  INFO 9008 --- [agrolink-backend] [           main] o.apache.catalina.core.StandardEngine    : Starting Servlet engine: [Apache Tomcat/10.1.20]
2026-03-28T11:56:17.695+05:30  INFO 9008 --- [agrolink-backend] [           main] o.a.c.c.C.[Tomcat].[localhost].[/]       : Initializing Spring embedded WebApplicationContext
2026-03-28T11:56:17.700+05:30  INFO 9008 --- [agrolink-backend] [           main] w.s.c.ServletWebServerApplicationContext : Root WebApplicationContext: initialization completed in 20482 ms
Standard Commons Logging discovery in action with spring-jcl: please remove commons-logging.jar from classpath in order to avoid potential conflicts
2026-03-28T11:56:22.342+05:30  INFO 9008 --- [agrolink-backend] [           main] o.hibernate.jpa.internal.util.LogHelper  : HHH000204: Processing PersistenceUnitInfo [name: default]
2026-03-28T11:56:22.767+05:30  INFO 9008 --- [agrolink-backend] [           main] org.hibernate.Version                    : HHH000412: Hibernate ORM core version 6.4.4.Final
2026-03-28T11:56:22.993+05:30  INFO 9008 --- [agrolink-backend] [           main] o.h.c.internal.RegionFactoryInitiator    : HHH000026: Second-level cache disabled
2026-03-28T11:56:24.421+05:30  INFO 9008 --- [agrolink-backend] [           main] o.s.o.j.p.SpringPersistenceUnitInfo      : No LoadTimeWeaver setup: ignoring JPA class transformer
2026-03-28T11:56:24.623+05:30  INFO 9008 --- [agrolink-backend] [           main] com.zaxxer.hikari.HikariDataSource       : HikariPool-1 - Starting...
2026-03-28T11:56:27.461+05:30  INFO 9008 --- [agrolink-backend] [           main] com.zaxxer.hikari.pool.HikariPool        : HikariPool-1 - Added connection com.mysql.cj.jdbc.ConnectionImpl@7c421952
2026-03-28T11:56:27.471+05:30  INFO 9008 --- [agrolink-backend] [           main] com.zaxxer.hikari.HikariDataSource       : HikariPool-1 - Start completed.
2026-03-28T11:57:00.573+05:30  INFO 9008 --- [agrolink-backend] [           main] o.h.e.t.j.p.i.JtaPlatformInitiator       : HHH000489: No JTA platform available (set 'hibernate.transaction.jta.platform' to enable JTA platform integration)
2026-03-28T11:57:04.703+05:30  INFO 9008 --- [agrolink-backend] [           main] j.LocalContainerEntityManagerFactoryBean : Initialized JPA EntityManagerFactory for persistence unit 'default'
2026-03-28T11:57:12.310+05:30  WARN 9008 --- [agrolink-backend] [           main] .s.s.UserDetailsServiceAutoConfiguration : 

Using generated security password: 7fb8bcb7-7f42-4bb5-adab-f4dee0e5cd9d

This generated password is for development use only. Your security configuration must be updated before running your application in production.

2026-03-28T11:57:15.685+05:30  INFO 9008 --- [agrolink-backend] [           main] o.s.s.web.DefaultSecurityFilterChain     : Will secure any request with [org.springframework.security.web.session.DisableEncodeUrlFilter@7fb2645b, org.springframework.security.web.context.request.async.WebAsyncManagerIntegrationFilter@16160a37, org.springframework.security.web.context.SecurityContextHolderFilter@4f0f56f5, org.springframework.security.web.header.HeaderWriterFilter@4a6d6308, org.springframework.web.filter.CorsFilter@380e470a, org.springframework.security.web.authentication.logout.LogoutFilter@1299fed3, org.springframework.security.web.savedrequest.RequestCacheAwareFilter@7f5c4ff8, org.springframework.security.web.servletapi.SecurityContextHolderAwareRequestFilter@7692c0e9, org.springframework.security.web.authentication.AnonymousAuthenticationFilter@17b9c9ff, org.springframework.security.web.access.ExceptionTranslationFilter@11e75942, org.springframework.security.web.access.intercept.AuthorizationFilter@29280ca6]
2026-03-28T11:57:19.052+05:30  INFO 9008 --- [agrolink-backend] [           main] o.s.b.w.embedded.tomcat.TomcatWebServer  : Tomcat started on port 8081 (http) with context path ''
2026-03-28T11:57:19.191+05:30  INFO 9008 --- [agrolink-backend] [           main] c.a.backend.AgrolinkBackendApplication   : Started AgrolinkBackendApplication in 90.104 seconds (process running for 96.5)
2026-03-28T11:57:55.279+05:30  INFO 9008 --- [agrolink-backend] [nio-8081-exec-2] o.a.c.c.C.[Tomcat].[localhost].[/]       : Initializing Spring DispatcherServlet 'dispatcherServlet'
2026-03-28T11:57:55.281+05:30  INFO 9008 --- [agrolink-backend] [nio-8081-exec-2] o.s.web.servlet.DispatcherServlet        : Initializing Servlet 'dispatcherServlet'
2026-03-28T11:57:55.286+05:30  INFO 9008 --- [agrolink-backend] [nio-8081-exec-2] o.s.web.servlet.DispatcherServlet        : Completed initialization in 3 ms
Hibernate: select p1_0.product_id,p1_0.category_id,p1_0.description,p1_0.image_url,p1_0.product_name,p1_0.price,p1_0.stock from product p1_0
Hibernate: select c1_0.category_id,c1_0.category_name from category c1_0 where c1_0.category_id=?
